mode: set
github.com/unkillable-messenger/vpn/cmd/webserver/files.go:19.25,23.2 3 1
github.com/unkillable-messenger/vpn/cmd/webserver/files.go:26.63,27.24 1 1
github.com/unkillable-messenger/vpn/cmd/webserver/files.go:27.24,30.3 2 0
github.com/unkillable-messenger/vpn/cmd/webserver/files.go:33.2,35.58 2 1
github.com/unkillable-messenger/vpn/cmd/webserver/files.go:35.58,38.3 2 0
github.com/unkillable-messenger/vpn/cmd/webserver/files.go:40.2,41.16 2 1
github.com/unkillable-messenger/vpn/cmd/webserver/files.go:41.16,44.3 2 0
github.com/unkillable-messenger/vpn/cmd/webserver/files.go:45.2,48.31 2 1
github.com/unkillable-messenger/vpn/cmd/webserver/files.go:48.31,51.3 2 0
github.com/unkillable-messenger/vpn/cmd/webserver/files.go:54.2,62.16 5 1
github.com/unkillable-messenger/vpn/cmd/webserver/files.go:62.16,66.3 3 0
github.com/unkillable-messenger/vpn/cmd/webserver/files.go:67.2,71.16 3 1
github.com/unkillable-messenger/vpn/cmd/webserver/files.go:71.16,76.3 4 0
github.com/unkillable-messenger/vpn/cmd/webserver/files.go:79.2,80.22 2 1
github.com/unkillable-messenger/vpn/cmd/webserver/files.go:80.22,82.3 1 0
github.com/unkillable-messenger/vpn/cmd/webserver/files.go:85.2,93.44 2 1
github.com/unkillable-messenger/vpn/cmd/webserver/files.go:93.44,95.3 1 0
github.com/unkillable-messenger/vpn/cmd/webserver/files.go:97.2,106.110 2 1
github.com/unkillable-messenger/vpn/cmd/webserver/files.go:110.60,113.18 2 1
github.com/unkillable-messenger/vpn/cmd/webserver/files.go:113.18,115.3 1 1
github.com/unkillable-messenger/vpn/cmd/webserver/files.go:116.2,122.27 6 1
github.com/unkillable-messenger/vpn/cmd/webserver/files.go:122.27,125.3 2 0
github.com/unkillable-messenger/vpn/cmd/webserver/files.go:128.2,130.46 2 1
github.com/unkillable-messenger/vpn/cmd/webserver/files.go:130.46,134.3 2 1
github.com/unkillable-messenger/vpn/cmd/webserver/files.go:136.2,136.18 1 1
github.com/unkillable-messenger/vpn/cmd/webserver/files.go:137.13,138.33 1 1
github.com/unkillable-messenger/vpn/cmd/webserver/files.go:139.16,140.31 1 0
github.com/unkillable-messenger/vpn/cmd/webserver/files.go:141.10,142.88 1 0
github.com/unkillable-messenger/vpn/cmd/webserver/files.go:147.80,149.35 1 1
github.com/unkillable-messenger/vpn/cmd/webserver/files.go:149.35,152.3 2 0
github.com/unkillable-messenger/vpn/cmd/webserver/files.go:155.2,156.16 2 1
github.com/unkillable-messenger/vpn/cmd/webserver/files.go:156.16,159.3 2 0
github.com/unkillable-messenger/vpn/cmd/webserver/files.go:162.2,163.19 2 1
github.com/unkillable-messenger/vpn/cmd/webserver/files.go:163.19,165.3 1 1
github.com/unkillable-messenger/vpn/cmd/webserver/files.go:166.2,168.32 3 1
github.com/unkillable-messenger/vpn/cmd/webserver/files.go:172.61,174.16 2 1
github.com/unkillable-messenger/vpn/cmd/webserver/files.go:174.16,178.3 3 0
github.com/unkillable-messenger/vpn/cmd/webserver/files.go:179.2,179.18 1 1
github.com/unkillable-messenger/vpn/cmd/webserver/files.go:179.18,181.3 1 0
github.com/unkillable-messenger/vpn/cmd/webserver/files.go:182.2,185.4 1 1
github.com/unkillable-messenger/vpn/cmd/webserver/files.go:189.78,190.35 1 0
github.com/unkillable-messenger/vpn/cmd/webserver/files.go:190.35,193.3 2 0
github.com/unkillable-messenger/vpn/cmd/webserver/files.go:196.2,197.67 2 0
github.com/unkillable-messenger/vpn/cmd/webserver/files.go:197.67,199.3 1 0
github.com/unkillable-messenger/vpn/cmd/webserver/files.go:202.2,202.50 1 0
github.com/unkillable-messenger/vpn/cmd/webserver/files.go:202.50,205.3 2 0
github.com/unkillable-messenger/vpn/cmd/webserver/files.go:207.2,212.49 2 0
github.com/unkillable-messenger/vpn/cmd/webserver/files.go:216.68,219.13 2 1
github.com/unkillable-messenger/vpn/cmd/webserver/files.go:220.23,221.22 1 0
github.com/unkillable-messenger/vpn/cmd/webserver/files.go:222.14,223.21 1 0
github.com/unkillable-messenger/vpn/cmd/webserver/files.go:224.14,225.21 1 0
github.com/unkillable-messenger/vpn/cmd/webserver/files.go:226.15,227.22 1 0
github.com/unkillable-messenger/vpn/cmd/webserver/files.go:228.14,229.25 1 0
github.com/unkillable-messenger/vpn/cmd/webserver/files.go:230.14,231.21 1 0
github.com/unkillable-messenger/vpn/cmd/webserver/files.go:232.14,233.21 1 0
github.com/unkillable-messenger/vpn/cmd/webserver/files.go:234.15,235.22 1 0
github.com/unkillable-messenger/vpn/cmd/webserver/files.go:236.14,237.27 1 0
github.com/unkillable-messenger/vpn/cmd/webserver/files.go:238.14,239.27 1 0
github.com/unkillable-messenger/vpn/cmd/webserver/files.go:240.14,241.22 1 0
github.com/unkillable-messenger/vpn/cmd/webserver/files.go:242.14,243.21 1 0
github.com/unkillable-messenger/vpn/cmd/webserver/files.go:244.14,245.21 1 0
github.com/unkillable-messenger/vpn/cmd/webserver/files.go:246.15,247.22 1 0
github.com/unkillable-messenger/vpn/cmd/webserver/files.go:248.15,249.22 1 0
github.com/unkillable-messenger/vpn/cmd/webserver/files.go:250.14,251.27 1 0
github.com/unkillable-messenger/vpn/cmd/webserver/files.go:252.14,253.30 1 0
github.com/unkillable-messenger/vpn/cmd/webserver/files.go:254.15,255.83 1 0
github.com/unkillable-messenger/vpn/cmd/webserver/files.go:256.14,257.36 1 0
github.com/unkillable-messenger/vpn/cmd/webserver/files.go:258.15,259.77 1 0
github.com/unkillable-messenger/vpn/cmd/webserver/files.go:260.14,261.41 1 0
github.com/unkillable-messenger/vpn/cmd/webserver/files.go:262.15,263.85 1 0
github.com/unkillable-messenger/vpn/cmd/webserver/files.go:264.14,265.37 1 1
github.com/unkillable-messenger/vpn/cmd/webserver/files.go:266.14,267.35 1 0
github.com/unkillable-messenger/vpn/cmd/webserver/files.go:268.14,269.27 1 0
github.com/unkillable-messenger/vpn/cmd/webserver/files.go:270.14,271.31 1 0
github.com/unkillable-messenger/vpn/cmd/webserver/files.go:272.13,273.39 1 0
github.com/unkillable-messenger/vpn/cmd/webserver/files.go:274.14,275.29 1 0
github.com/unkillable-messenger/vpn/cmd/webserver/files.go:276.13,277.28 1 0
github.com/unkillable-messenger/vpn/cmd/webserver/files.go:281.2,281.17 1 0
github.com/unkillable-messenger/vpn/cmd/webserver/files.go:281.17,285.12 4 0
github.com/unkillable-messenger/vpn/cmd/webserver/files.go:285.12,287.4 1 0
github.com/unkillable-messenger/vpn/cmd/webserver/files.go:290.2,290.35 1 0
github.com/unkillable-messenger/vpn/cmd/webserver/main.go:64.66,66.54 2 1
github.com/unkillable-messenger/vpn/cmd/webserver/main.go:66.54,68.3 1 1
github.com/unkillable-messenger/vpn/cmd/webserver/main.go:73.61,74.54 1 1
github.com/unkillable-messenger/vpn/cmd/webserver/main.go:74.54,76.19 2 1
github.com/unkillable-messenger/vpn/cmd/webserver/main.go:76.19,78.4 1 1
github.com/unkillable-messenger/vpn/cmd/webserver/main.go:79.3,84.28 5 1
github.com/unkillable-messenger/vpn/cmd/webserver/main.go:84.28,87.4 2 0
github.com/unkillable-messenger/vpn/cmd/webserver/main.go:88.3,88.13 1 1
github.com/unkillable-messenger/vpn/cmd/webserver/main.go:94.72,95.54 1 1
github.com/unkillable-messenger/vpn/cmd/webserver/main.go:95.54,101.3 5 1
github.com/unkillable-messenger/vpn/cmd/webserver/main.go:106.58,108.13 2 0
github.com/unkillable-messenger/vpn/cmd/webserver/main.go:109.73,110.73 1 0
github.com/unkillable-messenger/vpn/cmd/webserver/main.go:111.24,112.73 1 0
github.com/unkillable-messenger/vpn/cmd/webserver/main.go:113.15,114.59 1 0
github.com/unkillable-messenger/vpn/cmd/webserver/main.go:147.69,150.56 3 1
github.com/unkillable-messenger/vpn/cmd/webserver/main.go:150.56,152.3 1 0
github.com/unkillable-messenger/vpn/cmd/webserver/main.go:155.74,157.19 1 1
github.com/unkillable-messenger/vpn/cmd/webserver/main.go:157.19,159.3 1 0
github.com/unkillable-messenger/vpn/cmd/webserver/main.go:160.2,165.4 1 1
github.com/unkillable-messenger/vpn/cmd/webserver/main.go:170.59,177.2 1 1
github.com/unkillable-messenger/vpn/cmd/webserver/main.go:179.59,187.2 2 1
github.com/unkillable-messenger/vpn/cmd/webserver/main.go:189.64,191.46 2 1
github.com/unkillable-messenger/vpn/cmd/webserver/main.go:191.46,193.3 1 0
github.com/unkillable-messenger/vpn/cmd/webserver/main.go:194.2,196.46 3 1
github.com/unkillable-messenger/vpn/cmd/webserver/main.go:196.46,198.3 1 1
github.com/unkillable-messenger/vpn/cmd/webserver/main.go:200.2,201.16 2 1
github.com/unkillable-messenger/vpn/cmd/webserver/main.go:201.16,205.3 3 0
github.com/unkillable-messenger/vpn/cmd/webserver/main.go:206.2,206.17 1 1
github.com/unkillable-messenger/vpn/cmd/webserver/main.go:206.17,208.3 1 0
github.com/unkillable-messenger/vpn/cmd/webserver/main.go:209.2,212.4 1 1
github.com/unkillable-messenger/vpn/cmd/webserver/main.go:215.65,216.24 1 1
github.com/unkillable-messenger/vpn/cmd/webserver/main.go:216.24,219.3 2 0
github.com/unkillable-messenger/vpn/cmd/webserver/main.go:221.2,222.16 2 1
github.com/unkillable-messenger/vpn/cmd/webserver/main.go:222.16,225.3 2 0
github.com/unkillable-messenger/vpn/cmd/webserver/main.go:226.2,233.51 3 1
github.com/unkillable-messenger/vpn/cmd/webserver/main.go:233.51,236.3 2 0
github.com/unkillable-messenger/vpn/cmd/webserver/main.go:239.2,239.39 1 1
github.com/unkillable-messenger/vpn/cmd/webserver/main.go:239.39,242.3 2 0
github.com/unkillable-messenger/vpn/cmd/webserver/main.go:243.2,243.27 1 1
github.com/unkillable-messenger/vpn/cmd/webserver/main.go:243.27,246.3 2 0
github.com/unkillable-messenger/vpn/cmd/webserver/main.go:247.2,247.20 1 1
github.com/unkillable-messenger/vpn/cmd/webserver/main.go:247.20,249.3 1 0
github.com/unkillable-messenger/vpn/cmd/webserver/main.go:250.2,250.18 1 1
github.com/unkillable-messenger/vpn/cmd/webserver/main.go:250.18,252.3 1 0
github.com/unkillable-messenger/vpn/cmd/webserver/main.go:254.2,264.44 2 1
github.com/unkillable-messenger/vpn/cmd/webserver/main.go:264.44,266.3 1 0
github.com/unkillable-messenger/vpn/cmd/webserver/main.go:268.2,270.88 2 1
github.com/unkillable-messenger/vpn/cmd/webserver/main.go:273.59,274.27 1 1
github.com/unkillable-messenger/vpn/cmd/webserver/main.go:274.27,277.3 2 0
github.com/unkillable-messenger/vpn/cmd/webserver/main.go:278.2,278.24 1 1
github.com/unkillable-messenger/vpn/cmd/webserver/main.go:278.24,281.3 2 0
github.com/unkillable-messenger/vpn/cmd/webserver/main.go:283.2,284.16 2 1
github.com/unkillable-messenger/vpn/cmd/webserver/main.go:284.16,287.3 2 0
github.com/unkillable-messenger/vpn/cmd/webserver/main.go:288.2,293.15 5 1
github.com/unkillable-messenger/vpn/cmd/webserver/main.go:298.44,299.22 1 1
github.com/unkillable-messenger/vpn/cmd/webserver/main.go:299.22,301.3 1 1
github.com/unkillable-messenger/vpn/cmd/webserver/main.go:302.2,302.27 1 1
github.com/unkillable-messenger/vpn/cmd/webserver/main.go:305.46,307.2 1 1
github.com/unkillable-messenger/vpn/cmd/webserver/main.go:314.13,317.21 2 0
github.com/unkillable-messenger/vpn/cmd/webserver/main.go:317.21,324.17 2 0
github.com/unkillable-messenger/vpn/cmd/webserver/main.go:324.17,326.4 1 0
github.com/unkillable-messenger/vpn/cmd/webserver/main.go:326.9,328.4 1 0
github.com/unkillable-messenger/vpn/cmd/webserver/main.go:330.3,330.38 1 0
github.com/unkillable-messenger/vpn/cmd/webserver/main.go:331.8,333.3 1 0
github.com/unkillable-messenger/vpn/cmd/webserver/main.go:336.2,336.15 1 0
github.com/unkillable-messenger/vpn/cmd/webserver/main.go:336.15,337.31 1 0
github.com/unkillable-messenger/vpn/cmd/webserver/main.go:337.31,341.4 3 0
github.com/unkillable-messenger/vpn/cmd/webserver/main.go:344.2,344.30 1 0
github.com/unkillable-messenger/vpn/cmd/webserver/main.go:344.30,348.3 3 0
github.com/unkillable-messenger/vpn/cmd/webserver/main.go:351.18,355.19 3 0
github.com/unkillable-messenger/vpn/cmd/webserver/main.go:355.19,357.3 1 0
github.com/unkillable-messenger/vpn/cmd/webserver/main.go:359.2,360.16 2 0
github.com/unkillable-messenger/vpn/cmd/webserver/main.go:360.16,362.3 1 0
github.com/unkillable-messenger/vpn/cmd/webserver/main.go:365.2,365.64 1 0
github.com/unkillable-messenger/vpn/cmd/webserver/main.go:365.64,367.3 1 0
github.com/unkillable-messenger/vpn/cmd/webserver/main.go:367.8,369.3 1 0
github.com/unkillable-messenger/vpn/cmd/webserver/main.go:372.2,373.19 2 0
github.com/unkillable-messenger/vpn/cmd/webserver/main.go:373.19,375.3 1 0
github.com/unkillable-messenger/vpn/cmd/webserver/main.go:376.2,379.18 4 0
github.com/unkillable-messenger/vpn/cmd/webserver/main.go:379.18,381.3 1 0
github.com/unkillable-messenger/vpn/cmd/webserver/main.go:382.2,400.23 10 0
github.com/unkillable-messenger/vpn/cmd/webserver/main.go:400.23,402.3 1 0
github.com/unkillable-messenger/vpn/cmd/webserver/main.go:402.8,403.31 1 0
github.com/unkillable-messenger/vpn/cmd/webserver/main.go:403.31,404.51 1 0
github.com/unkillable-messenger/vpn/cmd/webserver/main.go:404.51,406.5 1 0
github.com/unkillable-messenger/vpn/cmd/webserver/main.go:408.3,408.24 1 0
github.com/unkillable-messenger/vpn/cmd/webserver/main.go:408.24,410.4 1 0
github.com/unkillable-messenger/vpn/cmd/webserver/main.go:410.9,412.4 1 0
github.com/unkillable-messenger/vpn/cmd/webserver/main.go:416.2,417.30 2 0
github.com/unkillable-messenger/vpn/cmd/webserver/main.go:417.30,419.3 1 0
github.com/unkillable-messenger/vpn/cmd/webserver/main.go:419.8,421.3 1 0
github.com/unkillable-messenger/vpn/cmd/webserver/main.go:424.2,425.30 2 0
github.com/unkillable-messenger/vpn/cmd/webserver/main.go:425.30,427.3 1 0
github.com/unkillable-messenger/vpn/cmd/webserver/main.go:427.8,429.3 1 0
github.com/unkillable-messenger/vpn/cmd/webserver/main.go:432.2,434.19 3 0
github.com/unkillable-messenger/vpn/cmd/webserver/main.go:434.19,436.3 1 0
github.com/unkillable-messenger/vpn/cmd/webserver/main.go:437.2,441.18 3 0
github.com/unkillable-messenger/vpn/cmd/webserver/main.go:441.18,445.21 3 0
github.com/unkillable-messenger/vpn/cmd/webserver/main.go:445.21,451.4 4 0
github.com/unkillable-messenger/vpn/cmd/webserver/main.go:452.8,454.3 1 0
github.com/unkillable-messenger/vpn/cmd/webserver/main.go:457.2,471.56 6 0
github.com/unkillable-messenger/vpn/cmd/webserver/main.go:471.56,473.3 1 0
github.com/unkillable-messenger/vpn/cmd/webserver/main.go:475.2,477.89 3 0
github.com/unkillable-messenger/vpn/cmd/webserver/main.go:477.89,478.19 1 0
github.com/unkillable-messenger/vpn/cmd/webserver/main.go:479.14,480.27 1 0
github.com/unkillable-messenger/vpn/cmd/webserver/main.go:481.15,482.28 1 0
github.com/unkillable-messenger/vpn/cmd/webserver/main.go:483.11,484.87 1 0
github.com/unkillable-messenger/vpn/cmd/webserver/main.go:487.2,487.89 1 0
github.com/unkillable-messenger/vpn/cmd/webserver/main.go:487.89,488.19 1 0
github.com/unkillable-messenger/vpn/cmd/webserver/main.go:489.14,490.27 1 0
github.com/unkillable-messenger/vpn/cmd/webserver/main.go:491.15,492.28 1 0
github.com/unkillable-messenger/vpn/cmd/webserver/main.go:493.11,494.87 1 0
github.com/unkillable-messenger/vpn/cmd/webserver/main.go:497.2,498.86 2 0
github.com/unkillable-messenger/vpn/cmd/webserver/main.go:498.86,499.19 1 0
github.com/unkillable-messenger/vpn/cmd/webserver/main.go:500.14,501.24 1 0
github.com/unkillable-messenger/vpn/cmd/webserver/main.go:502.15,503.24 1 0
github.com/unkillable-messenger/vpn/cmd/webserver/main.go:504.17,505.27 1 0
github.com/unkillable-messenger/vpn/cmd/webserver/main.go:506.11,507.95 1 0
github.com/unkillable-messenger/vpn/cmd/webserver/main.go:511.2,567.96 41 0
github.com/unkillable-messenger/vpn/cmd/webserver/main.go:567.96,568.19 1 0
github.com/unkillable-messenger/vpn/cmd/webserver/main.go:569.15,570.33 1 0
github.com/unkillable-messenger/vpn/cmd/webserver/main.go:571.17,572.36 1 0
github.com/unkillable-messenger/vpn/cmd/webserver/main.go:573.14,574.34 1 0
github.com/unkillable-messenger/vpn/cmd/webserver/main.go:575.11,576.95 1 0
github.com/unkillable-messenger/vpn/cmd/webserver/main.go:579.2,583.92 3 0
github.com/unkillable-messenger/vpn/cmd/webserver/main.go:583.92,584.25 1 0
github.com/unkillable-messenger/vpn/cmd/webserver/main.go:584.25,587.4 2 0
github.com/unkillable-messenger/vpn/cmd/webserver/main.go:588.3,592.63 2 0
github.com/unkillable-messenger/vpn/cmd/webserver/main.go:592.63,595.4 2 0
github.com/unkillable-messenger/vpn/cmd/webserver/main.go:596.3,596.22 1 0
github.com/unkillable-messenger/vpn/cmd/webserver/main.go:596.22,599.4 2 0
github.com/unkillable-messenger/vpn/cmd/webserver/main.go:600.3,602.21 3 0
github.com/unkillable-messenger/vpn/cmd/webserver/main.go:602.21,604.4 1 0
github.com/unkillable-messenger/vpn/cmd/webserver/main.go:605.3,608.17 3 0
github.com/unkillable-messenger/vpn/cmd/webserver/main.go:608.17,611.4 2 0
github.com/unkillable-messenger/vpn/cmd/webserver/main.go:612.3,612.126 1 0
github.com/unkillable-messenger/vpn/cmd/webserver/main.go:614.2,614.91 1 0
github.com/unkillable-messenger/vpn/cmd/webserver/main.go:614.91,615.25 1 0
github.com/unkillable-messenger/vpn/cmd/webserver/main.go:615.25,618.4 2 0
github.com/unkillable-messenger/vpn/cmd/webserver/main.go:619.3,620.63 2 0
github.com/unkillable-messenger/vpn/cmd/webserver/main.go:620.63,623.4 2 0
github.com/unkillable-messenger/vpn/cmd/webserver/main.go:624.3,626.17 3 0
github.com/unkillable-messenger/vpn/cmd/webserver/main.go:626.17,629.4 2 0
github.com/unkillable-messenger/vpn/cmd/webserver/main.go:630.3,631.126 2 0
github.com/unkillable-messenger/vpn/cmd/webserver/main.go:633.2,633.93 1 0
github.com/unkillable-messenger/vpn/cmd/webserver/main.go:633.93,634.25 1 0
github.com/unkillable-messenger/vpn/cmd/webserver/main.go:634.25,637.4 2 0
github.com/unkillable-messenger/vpn/cmd/webserver/main.go:638.3,639.63 2 0
github.com/unkillable-messenger/vpn/cmd/webserver/main.go:639.63,642.4 2 0
github.com/unkillable-messenger/vpn/cmd/webserver/main.go:643.3,644.17 2 0
github.com/unkillable-messenger/vpn/cmd/webserver/main.go:644.17,647.4 2 0
github.com/unkillable-messenger/vpn/cmd/webserver/main.go:648.3,648.103 1 0
github.com/unkillable-messenger/vpn/cmd/webserver/main.go:652.2,652.68 1 0
github.com/unkillable-messenger/vpn/cmd/webserver/main.go:652.68,659.67 4 0
github.com/unkillable-messenger/vpn/cmd/webserver/main.go:659.67,662.4 2 0
github.com/unkillable-messenger/vpn/cmd/webserver/main.go:665.3,665.56 1 0
github.com/unkillable-messenger/vpn/cmd/webserver/main.go:665.56,667.4 1 0
github.com/unkillable-messenger/vpn/cmd/webserver/main.go:670.3,674.65 3 0
github.com/unkillable-messenger/vpn/cmd/webserver/main.go:674.65,677.4 2 0
github.com/unkillable-messenger/vpn/cmd/webserver/main.go:678.3,678.21 1 0
github.com/unkillable-messenger/vpn/cmd/webserver/main.go:681.2,689.12 6 0
github.com/unkillable-messenger/vpn/cmd/webserver/main.go:689.12,694.17 5 0
github.com/unkillable-messenger/vpn/cmd/webserver/main.go:694.17,696.4 1 0
github.com/unkillable-messenger/vpn/cmd/webserver/main.go:697.3,699.43 3 0
github.com/unkillable-messenger/vpn/cmd/webserver/main.go:699.43,701.4 1 0
github.com/unkillable-messenger/vpn/cmd/webserver/main.go:705.2,707.35 3 0
github.com/unkillable-messenger/vpn/cmd/webserver/main.go:707.35,709.81 2 0
github.com/unkillable-messenger/vpn/cmd/webserver/main.go:709.81,711.4 1 0
github.com/unkillable-messenger/vpn/cmd/webserver/main.go:712.8,713.63 1 0
github.com/unkillable-messenger/vpn/cmd/webserver/main.go:713.63,715.4 1 0
github.com/unkillable-messenger/vpn/cmd/webserver/main.go:717.2,718.12 2 0
github.com/unkillable-messenger/vpn/cmd/webserver/main.go:723.25,728.16 3 0
github.com/unkillable-messenger/vpn/cmd/webserver/main.go:728.16,731.3 2 0
github.com/unkillable-messenger/vpn/cmd/webserver/main.go:733.2,734.26 2 0
github.com/unkillable-messenger/vpn/cmd/webserver/main.go:734.26,739.37 4 0
github.com/unkillable-messenger/vpn/cmd/webserver/main.go:739.37,740.12 1 0
github.com/unkillable-messenger/vpn/cmd/webserver/main.go:743.3,744.73 2 0
github.com/unkillable-messenger/vpn/cmd/webserver/main.go:744.73,746.4 1 0
github.com/unkillable-messenger/vpn/cmd/webserver/main.go:746.9,749.4 2 0
github.com/unkillable-messenger/vpn/cmd/webserver/main.go:750.3,750.11 1 0
github.com/unkillable-messenger/vpn/cmd/webserver/main.go:753.2,753.19 1 0
github.com/unkillable-messenger/vpn/cmd/webserver/main.go:753.19,755.3 1 0
github.com/unkillable-messenger/vpn/cmd/webserver/main.go:755.8,755.27 1 0
github.com/unkillable-messenger/vpn/cmd/webserver/main.go:755.27,757.3 1 0
github.com/unkillable-messenger/vpn/cmd/webserver/main.go:761.30,764.21 3 0
github.com/unkillable-messenger/vpn/cmd/webserver/main.go:764.21,765.30 1 0
github.com/unkillable-messenger/vpn/cmd/webserver/main.go:765.30,766.12 1 0
github.com/unkillable-messenger/vpn/cmd/webserver/main.go:768.3,769.17 2 0
github.com/unkillable-messenger/vpn/cmd/webserver/main.go:769.17,771.12 2 0
github.com/unkillable-messenger/vpn/cmd/webserver/main.go:773.3,773.27 1 0
github.com/unkillable-messenger/vpn/cmd/webserver/main.go:773.27,783.57 3 0
github.com/unkillable-messenger/vpn/cmd/webserver/main.go:783.57,785.5 1 0
github.com/unkillable-messenger/vpn/cmd/webserver/main.go:785.10,787.5 1 0
github.com/unkillable-messenger/vpn/cmd/webserver/main.go:788.4,789.69 2 0
github.com/unkillable-messenger/vpn/cmd/webserver/main.go:795.27,798.21 3 0
github.com/unkillable-messenger/vpn/cmd/webserver/main.go:798.21,799.30 1 0
github.com/unkillable-messenger/vpn/cmd/webserver/main.go:799.30,800.12 1 0
github.com/unkillable-messenger/vpn/cmd/webserver/main.go:802.3,803.17 2 0
github.com/unkillable-messenger/vpn/cmd/webserver/main.go:803.17,805.12 2 0
github.com/unkillable-messenger/vpn/cmd/webserver/main.go:807.3,807.32 1 0
github.com/unkillable-messenger/vpn/cmd/webserver/main.go:807.32,819.4 5 0
github.com/unkillable-messenger/vpn/cmd/webserver/main.go:824.68,825.33 1 0
github.com/unkillable-messenger/vpn/cmd/webserver/main.go:825.33,828.3 2 0
github.com/unkillable-messenger/vpn/cmd/webserver/main.go:829.2,835.61 2 0
github.com/unkillable-messenger/vpn/cmd/webserver/main.go:835.61,838.3 2 0
github.com/unkillable-messenger/vpn/cmd/webserver/main.go:839.2,839.39 1 0
github.com/unkillable-messenger/vpn/cmd/webserver/main.go:839.39,842.3 2 0
github.com/unkillable-messenger/vpn/cmd/webserver/main.go:843.2,843.37 1 0
github.com/unkillable-messenger/vpn/cmd/webserver/main.go:843.37,846.3 2 0
github.com/unkillable-messenger/vpn/cmd/webserver/main.go:847.2,847.25 1 0
github.com/unkillable-messenger/vpn/cmd/webserver/main.go:847.25,849.3 1 0
github.com/unkillable-messenger/vpn/cmd/webserver/main.go:850.2,850.22 1 0
github.com/unkillable-messenger/vpn/cmd/webserver/main.go:850.22,852.3 1 0
github.com/unkillable-messenger/vpn/cmd/webserver/main.go:854.2,863.52 2 0
github.com/unkillable-messenger/vpn/cmd/webserver/main.go:863.52,866.3 2 0
github.com/unkillable-messenger/vpn/cmd/webserver/main.go:868.2,875.81 3 0
github.com/unkillable-messenger/vpn/cmd/webserver/main.go:879.64,880.33 1 0
github.com/unkillable-messenger/vpn/cmd/webserver/main.go:880.33,883.3 2 0
github.com/unkillable-messenger/vpn/cmd/webserver/main.go:884.2,890.61 2 0
github.com/unkillable-messenger/vpn/cmd/webserver/main.go:890.61,893.3 2 0
github.com/unkillable-messenger/vpn/cmd/webserver/main.go:894.2,894.49 1 0
github.com/unkillable-messenger/vpn/cmd/webserver/main.go:894.49,897.3 2 0
github.com/unkillable-messenger/vpn/cmd/webserver/main.go:898.2,898.26 1 0
github.com/unkillable-messenger/vpn/cmd/webserver/main.go:898.26,900.3 1 0
github.com/unkillable-messenger/vpn/cmd/webserver/main.go:901.2,901.25 1 0
github.com/unkillable-messenger/vpn/cmd/webserver/main.go:901.25,903.3 1 0
github.com/unkillable-messenger/vpn/cmd/webserver/main.go:905.2,914.51 2 0
github.com/unkillable-messenger/vpn/cmd/webserver/main.go:914.51,917.3 2 0
github.com/unkillable-messenger/vpn/cmd/webserver/main.go:919.2,924.103 2 0
github.com/unkillable-messenger/vpn/cmd/webserver/main.go:928.66,929.33 1 0
github.com/unkillable-messenger/vpn/cmd/webserver/main.go:929.33,932.3 2 0
github.com/unkillable-messenger/vpn/cmd/webserver/main.go:933.2,936.61 2 0
github.com/unkillable-messenger/vpn/cmd/webserver/main.go:936.61,939.3 2 0
github.com/unkillable-messenger/vpn/cmd/webserver/main.go:940.2,940.24 1 0
github.com/unkillable-messenger/vpn/cmd/webserver/main.go:940.24,943.3 2 0
github.com/unkillable-messenger/vpn/cmd/webserver/main.go:944.2,944.63 1 0
github.com/unkillable-messenger/vpn/cmd/webserver/main.go:944.63,947.3 2 0
github.com/unkillable-messenger/vpn/cmd/webserver/main.go:948.2,948.67 1 0
github.com/unkillable-messenger/vpn/cmd/webserver/main.go:952.66,953.33 1 0
github.com/unkillable-messenger/vpn/cmd/webserver/main.go:953.33,956.3 2 0
github.com/unkillable-messenger/vpn/cmd/webserver/main.go:957.2,961.67 4 0
github.com/unkillable-messenger/vpn/cmd/webserver/main.go:965.62,966.32 1 0
github.com/unkillable-messenger/vpn/cmd/webserver/main.go:966.32,969.3 2 0
github.com/unkillable-messenger/vpn/cmd/webserver/main.go:970.2,971.16 2 0
github.com/unkillable-messenger/vpn/cmd/webserver/main.go:971.16,974.3 2 0
github.com/unkillable-messenger/vpn/cmd/webserver/main.go:975.2,976.30 2 0
github.com/unkillable-messenger/vpn/cmd/webserver/main.go:976.30,983.3 1 0
github.com/unkillable-messenger/vpn/cmd/webserver/main.go:984.2,987.4 1 0
github.com/unkillable-messenger/vpn/cmd/webserver/main.go:991.64,992.33 1 0
github.com/unkillable-messenger/vpn/cmd/webserver/main.go:992.33,995.3 2 0
github.com/unkillable-messenger/vpn/cmd/webserver/main.go:996.2,1001.61 2 0
github.com/unkillable-messenger/vpn/cmd/webserver/main.go:1001.61,1004.3 2 0
github.com/unkillable-messenger/vpn/cmd/webserver/main.go:1005.2,1005.45 1 0
github.com/unkillable-messenger/vpn/cmd/webserver/main.go:1005.45,1008.3 2 0
github.com/unkillable-messenger/vpn/cmd/webserver/main.go:1010.2,1018.17 2 0
github.com/unkillable-messenger/vpn/cmd/webserver/main.go:1018.17,1021.3 2 0
github.com/unkillable-messenger/vpn/cmd/webserver/main.go:1024.2,1024.32 1 0
github.com/unkillable-messenger/vpn/cmd/webserver/main.go:1024.32,1025.27 1 0
github.com/unkillable-messenger/vpn/cmd/webserver/main.go:1025.27,1026.12 1 0
github.com/unkillable-messenger/vpn/cmd/webserver/main.go:1028.3,1033.5 1 0
github.com/unkillable-messenger/vpn/cmd/webserver/main.go:1037.2,1053.98 4 0
github.com/unkillable-messenger/vpn/cmd/webserver/main.go:1057.65,1058.32 1 0
github.com/unkillable-messenger/vpn/cmd/webserver/main.go:1058.32,1061.3 2 0
github.com/unkillable-messenger/vpn/cmd/webserver/main.go:1062.2,1063.19 2 0
github.com/unkillable-messenger/vpn/cmd/webserver/main.go:1063.19,1066.3 2 0
github.com/unkillable-messenger/vpn/cmd/webserver/main.go:1067.2,1068.16 2 0
github.com/unkillable-messenger/vpn/cmd/webserver/main.go:1068.16,1071.3 2 0
github.com/unkillable-messenger/vpn/cmd/webserver/main.go:1072.2,1072.20 1 0
github.com/unkillable-messenger/vpn/cmd/webserver/main.go:1072.20,1074.3 1 0
github.com/unkillable-messenger/vpn/cmd/webserver/main.go:1075.2,1079.4 1 0
github.com/unkillable-messenger/vpn/cmd/webserver/main.go:1083.62,1084.66 1 0
github.com/unkillable-messenger/vpn/cmd/webserver/main.go:1084.66,1087.3 2 0
github.com/unkillable-messenger/vpn/cmd/webserver/main.go:1088.2,1093.61 2 0
github.com/unkillable-messenger/vpn/cmd/webserver/main.go:1093.61,1096.3 2 0
github.com/unkillable-messenger/vpn/cmd/webserver/main.go:1097.2,1097.70 1 0
github.com/unkillable-messenger/vpn/cmd/webserver/main.go:1097.70,1100.3 2 0
github.com/unkillable-messenger/vpn/cmd/webserver/main.go:1102.2,1103.28 2 0
github.com/unkillable-messenger/vpn/cmd/webserver/main.go:1103.28,1106.3 2 0
github.com/unkillable-messenger/vpn/cmd/webserver/main.go:1108.2,1108.74 1 0
github.com/unkillable-messenger/vpn/cmd/webserver/main.go:1108.74,1111.3 2 0
github.com/unkillable-messenger/vpn/cmd/webserver/main.go:1113.2,1113.113 1 0
github.com/unkillable-messenger/vpn/cmd/webserver/main.go:1117.65,1118.33 1 0
github.com/unkillable-messenger/vpn/cmd/webserver/main.go:1118.33,1121.3 2 0
github.com/unkillable-messenger/vpn/cmd/webserver/main.go:1122.2,1128.61 2 0
github.com/unkillable-messenger/vpn/cmd/webserver/main.go:1128.61,1131.3 2 0
github.com/unkillable-messenger/vpn/cmd/webserver/main.go:1132.2,1132.91 1 0
github.com/unkillable-messenger/vpn/cmd/webserver/main.go:1132.91,1135.3 2 0
github.com/unkillable-messenger/vpn/cmd/webserver/main.go:1136.2,1136.85 1 0
github.com/unkillable-messenger/vpn/cmd/webserver/main.go:1136.85,1139.3 2 0
github.com/unkillable-messenger/vpn/cmd/webserver/main.go:1141.2,1142.28 2 0
github.com/unkillable-messenger/vpn/cmd/webserver/main.go:1142.28,1145.3 2 0
github.com/unkillable-messenger/vpn/cmd/webserver/main.go:1147.2,1147.91 1 0
github.com/unkillable-messenger/vpn/cmd/webserver/main.go:1147.91,1150.3 2 0
github.com/unkillable-messenger/vpn/cmd/webserver/main.go:1152.2,1152.89 1 0
github.com/unkillable-messenger/vpn/cmd/webserver/main.go:1156.64,1157.33 1 0
github.com/unkillable-messenger/vpn/cmd/webserver/main.go:1157.33,1160.3 2 0
github.com/unkillable-messenger/vpn/cmd/webserver/main.go:1161.2,1165.61 2 0
github.com/unkillable-messenger/vpn/cmd/webserver/main.go:1165.61,1168.3 2 0
github.com/unkillable-messenger/vpn/cmd/webserver/main.go:1169.2,1169.71 1 0
github.com/unkillable-messenger/vpn/cmd/webserver/main.go:1169.71,1172.3 2 0
github.com/unkillable-messenger/vpn/cmd/webserver/main.go:1174.2,1178.51 2 0
github.com/unkillable-messenger/vpn/cmd/webserver/main.go:1178.51,1181.3 2 0
github.com/unkillable-messenger/vpn/cmd/webserver/main.go:1183.2,1187.4 1 0
github.com/unkillable-messenger/vpn/cmd/webserver/main.go:1191.61,1192.33 1 0
github.com/unkillable-messenger/vpn/cmd/webserver/main.go:1192.33,1195.3 2 0
github.com/unkillable-messenger/vpn/cmd/webserver/main.go:1196.2,1201.61 2 0
github.com/unkillable-messenger/vpn/cmd/webserver/main.go:1201.61,1204.3 2 0
github.com/unkillable-messenger/vpn/cmd/webserver/main.go:1206.2,1211.50 2 0
github.com/unkillable-messenger/vpn/cmd/webserver/main.go:1211.50,1214.3 2 0
github.com/unkillable-messenger/vpn/cmd/webserver/main.go:1216.2,1217.17 2 0
github.com/unkillable-messenger/vpn/cmd/webserver/main.go:1217.17,1219.3 1 0
github.com/unkillable-messenger/vpn/cmd/webserver/main.go:1220.2,1224.4 1 0
github.com/unkillable-messenger/vpn/cmd/webserver/main.go:1234.54,1236.16 2 0
github.com/unkillable-messenger/vpn/cmd/webserver/main.go:1236.16,1238.3 1 0
github.com/unkillable-messenger/vpn/cmd/webserver/main.go:1239.2,1239.37 1 0
github.com/unkillable-messenger/vpn/cmd/webserver/main.go:1242.55,1244.16 2 0
github.com/unkillable-messenger/vpn/cmd/webserver/main.go:1244.16,1246.3 1 0
github.com/unkillable-messenger/vpn/cmd/webserver/main.go:1247.2,1249.12 3 0
github.com/unkillable-messenger/vpn/cmd/webserver/main.go:1252.38,1254.2 1 0
github.com/unkillable-messenger/vpn/cmd/webserver/main.go:1257.60,1261.16 2 0
github.com/unkillable-messenger/vpn/cmd/webserver/main.go:1261.16,1264.3 2 0
github.com/unkillable-messenger/vpn/cmd/webserver/main.go:1265.2,1265.49 1 0
github.com/unkillable-messenger/vpn/cmd/webserver/main.go:1269.63,1270.23 1 0
github.com/unkillable-messenger/vpn/cmd/webserver/main.go:1270.23,1273.3 2 0
github.com/unkillable-messenger/vpn/cmd/webserver/main.go:1274.2,1274.42 1 0
github.com/unkillable-messenger/vpn/cmd/webserver/main.go:1280.63,1281.33 1 0
github.com/unkillable-messenger/vpn/cmd/webserver/main.go:1281.33,1284.3 2 0
github.com/unkillable-messenger/vpn/cmd/webserver/main.go:1286.2,1286.31 1 0
github.com/unkillable-messenger/vpn/cmd/webserver/main.go:1286.31,1289.3 2 0
github.com/unkillable-messenger/vpn/cmd/webserver/main.go:1291.2,1292.16 2 0
github.com/unkillable-messenger/vpn/cmd/webserver/main.go:1292.16,1295.3 2 0
github.com/unkillable-messenger/vpn/cmd/webserver/main.go:1296.2,1299.16 3 0
github.com/unkillable-messenger/vpn/cmd/webserver/main.go:1299.16,1302.3 2 0
github.com/unkillable-messenger/vpn/cmd/webserver/main.go:1304.2,1305.16 2 0
github.com/unkillable-messenger/vpn/cmd/webserver/main.go:1305.16,1308.3 2 0
github.com/unkillable-messenger/vpn/cmd/webserver/main.go:1311.2,1318.4 2 0
github.com/unkillable-messenger/vpn/cmd/webserver/main.go:1322.63,1326.2 1 0
github.com/unkillable-messenger/vpn/cmd/webserver/main.go:1329.64,1331.16 2 0
github.com/unkillable-messenger/vpn/cmd/webserver/main.go:1331.16,1334.3 2 0
github.com/unkillable-messenger/vpn/cmd/webserver/main.go:1335.2,1337.27 3 0
github.com/unkillable-messenger/vpn/cmd/webserver/main.go:1341.62,1346.2 1 0
github.com/unkillable-messenger/vpn/cmd/webserver/main.go:1351.62,1352.32 1 0
github.com/unkillable-messenger/vpn/cmd/webserver/main.go:1352.32,1355.3 2 0
github.com/unkillable-messenger/vpn/cmd/webserver/main.go:1356.2,1357.18 2 0
github.com/unkillable-messenger/vpn/cmd/webserver/main.go:1357.18,1359.3 1 0
github.com/unkillable-messenger/vpn/cmd/webserver/main.go:1360.2,1363.4 1 0
github.com/unkillable-messenger/vpn/cmd/webserver/main.go:1367.62,1368.32 1 0
github.com/unkillable-messenger/vpn/cmd/webserver/main.go:1368.32,1371.3 2 0
github.com/unkillable-messenger/vpn/cmd/webserver/main.go:1372.2,1372.49 1 0
github.com/unkillable-messenger/vpn/cmd/webserver/main.go:1376.60,1377.33 1 0
github.com/unkillable-messenger/vpn/cmd/webserver/main.go:1377.33,1380.3 2 0
github.com/unkillable-messenger/vpn/cmd/webserver/main.go:1381.2,1382.62 2 0
github.com/unkillable-messenger/vpn/cmd/webserver/main.go:1382.62,1385.3 2 0
github.com/unkillable-messenger/vpn/cmd/webserver/main.go:1386.2,1386.19 1 0
github.com/unkillable-messenger/vpn/cmd/webserver/main.go:1386.19,1389.3 2 0
github.com/unkillable-messenger/vpn/cmd/webserver/main.go:1390.2,1395.4 3 0
github.com/unkillable-messenger/vpn/cmd/webserver/main.go:1401.65,1402.33 1 0
github.com/unkillable-messenger/vpn/cmd/webserver/main.go:1402.33,1405.3 2 0
github.com/unkillable-messenger/vpn/cmd/webserver/main.go:1406.2,1410.61 2 0
github.com/unkillable-messenger/vpn/cmd/webserver/main.go:1410.61,1413.3 2 0
github.com/unkillable-messenger/vpn/cmd/webserver/main.go:1414.2,1414.26 1 0
github.com/unkillable-messenger/vpn/cmd/webserver/main.go:1414.26,1416.3 1 0
github.com/unkillable-messenger/vpn/cmd/webserver/main.go:1417.2,1417.27 1 0
github.com/unkillable-messenger/vpn/cmd/webserver/main.go:1417.27,1419.3 1 0
github.com/unkillable-messenger/vpn/cmd/webserver/main.go:1420.2,1422.89 3 0
github.com/unkillable-messenger/vpn/cmd/webserver/main.go:1426.63,1427.32 1 0
github.com/unkillable-messenger/vpn/cmd/webserver/main.go:1427.32,1430.3 2 0
github.com/unkillable-messenger/vpn/cmd/webserver/main.go:1431.2,1432.20 2 0
github.com/unkillable-messenger/vpn/cmd/webserver/main.go:1432.20,1434.3 1 0
github.com/unkillable-messenger/vpn/cmd/webserver/main.go:1435.2,1438.4 1 0
github.com/unkillable-messenger/vpn/cmd/webserver/main.go:1442.62,1443.33 1 0
github.com/unkillable-messenger/vpn/cmd/webserver/main.go:1443.33,1446.3 2 0
github.com/unkillable-messenger/vpn/cmd/webserver/main.go:1447.2,1450.61 2 0
github.com/unkillable-messenger/vpn/cmd/webserver/main.go:1450.61,1453.3 2 0
github.com/unkillable-messenger/vpn/cmd/webserver/main.go:1454.2,1454.24 1 0
github.com/unkillable-messenger/vpn/cmd/webserver/main.go:1454.24,1457.3 2 0
github.com/unkillable-messenger/vpn/cmd/webserver/main.go:1458.2,1458.58 1 0
github.com/unkillable-messenger/vpn/cmd/webserver/main.go:1458.58,1461.3 2 0
github.com/unkillable-messenger/vpn/cmd/webserver/main.go:1462.2,1463.51 2 0
github.com/unkillable-messenger/vpn/cmd/webserver/main.go:1467.68,1468.33 1 0
github.com/unkillable-messenger/vpn/cmd/webserver/main.go:1468.33,1471.3 2 0
github.com/unkillable-messenger/vpn/cmd/webserver/main.go:1472.2,1476.61 2 0
github.com/unkillable-messenger/vpn/cmd/webserver/main.go:1476.61,1479.3 2 0
github.com/unkillable-messenger/vpn/cmd/webserver/main.go:1480.2,1480.24 1 0
github.com/unkillable-messenger/vpn/cmd/webserver/main.go:1480.24,1483.3 2 0
github.com/unkillable-messenger/vpn/cmd/webserver/main.go:1484.2,1484.70 1 0
github.com/unkillable-messenger/vpn/cmd/webserver/main.go:1484.70,1487.3 2 0
github.com/unkillable-messenger/vpn/cmd/webserver/main.go:1488.2,1488.93 1 0
github.com/unkillable-messenger/vpn/cmd/webserver/main.go:1494.64,1495.33 1 0
github.com/unkillable-messenger/vpn/cmd/webserver/main.go:1495.33,1498.3 2 0
github.com/unkillable-messenger/vpn/cmd/webserver/main.go:1499.2,1504.61 2 0
github.com/unkillable-messenger/vpn/cmd/webserver/main.go:1504.61,1507.3 2 0
github.com/unkillable-messenger/vpn/cmd/webserver/main.go:1508.2,1508.20 1 0
github.com/unkillable-messenger/vpn/cmd/webserver/main.go:1508.20,1511.3 2 0
github.com/unkillable-messenger/vpn/cmd/webserver/main.go:1512.2,1512.25 1 0
github.com/unkillable-messenger/vpn/cmd/webserver/main.go:1512.25,1514.3 1 0
github.com/unkillable-messenger/vpn/cmd/webserver/main.go:1515.2,1517.88 3 0
github.com/unkillable-messenger/vpn/cmd/webserver/main.go:1521.60,1522.32 1 0
github.com/unkillable-messenger/vpn/cmd/webserver/main.go:1522.32,1525.3 2 0
github.com/unkillable-messenger/vpn/cmd/webserver/main.go:1526.2,1527.17 2 0
github.com/unkillable-messenger/vpn/cmd/webserver/main.go:1527.17,1529.3 1 0
github.com/unkillable-messenger/vpn/cmd/webserver/main.go:1530.2,1533.4 1 0
github.com/unkillable-messenger/vpn/cmd/webserver/main.go:1539.65,1540.32 1 0
github.com/unkillable-messenger/vpn/cmd/webserver/main.go:1540.32,1543.3 2 0
github.com/unkillable-messenger/vpn/cmd/webserver/main.go:1544.2,1545.18 2 0
github.com/unkillable-messenger/vpn/cmd/webserver/main.go:1545.18,1547.3 1 0
github.com/unkillable-messenger/vpn/cmd/webserver/main.go:1548.2,1551.4 1 0
github.com/unkillable-messenger/vpn/cmd/webserver/main.go:1555.67,1556.32 1 0
github.com/unkillable-messenger/vpn/cmd/webserver/main.go:1556.32,1559.3 2 0
github.com/unkillable-messenger/vpn/cmd/webserver/main.go:1561.2,1562.18 2 0
github.com/unkillable-messenger/vpn/cmd/webserver/main.go:1562.18,1565.3 2 0
github.com/unkillable-messenger/vpn/cmd/webserver/main.go:1566.2,1567.16 2 0
github.com/unkillable-messenger/vpn/cmd/webserver/main.go:1567.16,1570.3 2 0
github.com/unkillable-messenger/vpn/cmd/webserver/main.go:1571.2,1571.25 1 0
github.com/unkillable-messenger/vpn/cmd/webserver/main.go:1577.70,1578.33 1 0
github.com/unkillable-messenger/vpn/cmd/webserver/main.go:1578.33,1581.3 2 0
github.com/unkillable-messenger/vpn/cmd/webserver/main.go:1582.2,1585.61 2 0
github.com/unkillable-messenger/vpn/cmd/webserver/main.go:1585.61,1588.3 2 0
github.com/unkillable-messenger/vpn/cmd/webserver/main.go:1589.2,1589.19 1 0
github.com/unkillable-messenger/vpn/cmd/webserver/main.go:1589.19,1592.3 2 0
github.com/unkillable-messenger/vpn/cmd/webserver/main.go:1595.2,1595.50 1 0
github.com/unkillable-messenger/vpn/cmd/webserver/main.go:1595.50,1598.3 2 0
github.com/unkillable-messenger/vpn/cmd/webserver/main.go:1601.2,1607.52 2 0
github.com/unkillable-messenger/vpn/cmd/webserver/main.go:1607.52,1609.3 1 0
github.com/unkillable-messenger/vpn/cmd/webserver/main.go:1611.2,1615.4 2 0
github.com/unkillable-messenger/vpn/cmd/webserver/main.go:1619.73,1620.35 1 0
github.com/unkillable-messenger/vpn/cmd/webserver/main.go:1620.35,1623.3 2 0
github.com/unkillable-messenger/vpn/cmd/webserver/main.go:1624.2,1627.61 2 0
github.com/unkillable-messenger/vpn/cmd/webserver/main.go:1627.61,1630.3 2 0
github.com/unkillable-messenger/vpn/cmd/webserver/main.go:1631.2,1631.19 1 0
github.com/unkillable-messenger/vpn/cmd/webserver/main.go:1631.19,1634.3 2 0
github.com/unkillable-messenger/vpn/cmd/webserver/main.go:1637.2,1637.53 1 0
github.com/unkillable-messenger/vpn/cmd/webserver/main.go:1637.53,1640.3 2 0
github.com/unkillable-messenger/vpn/cmd/webserver/main.go:1643.2,1643.57 1 0
github.com/unkillable-messenger/vpn/cmd/webserver/main.go:1643.57,1645.3 1 0
github.com/unkillable-messenger/vpn/cmd/webserver/main.go:1647.2,1651.4 2 0
github.com/unkillable-messenger/vpn/cmd/webserver/main.go:1655.71,1657.16 2 0
github.com/unkillable-messenger/vpn/cmd/webserver/main.go:1657.16,1660.3 2 0
github.com/unkillable-messenger/vpn/cmd/webserver/main.go:1661.2,1661.18 1 0
github.com/unkillable-messenger/vpn/cmd/webserver/main.go:1661.18,1663.3 1 0
github.com/unkillable-messenger/vpn/cmd/webserver/main.go:1664.2,1667.4 1 0
github.com/unkillable-messenger/vpn/cmd/webserver/main.go:1671.67,1672.33 1 0
github.com/unkillable-messenger/vpn/cmd/webserver/main.go:1672.33,1675.3 2 0
github.com/unkillable-messenger/vpn/cmd/webserver/main.go:1676.2,1679.61 2 0
github.com/unkillable-messenger/vpn/cmd/webserver/main.go:1679.61,1682.3 1 0
github.com/unkillable-messenger/vpn/cmd/webserver/main.go:1684.2,1684.55 1 0
github.com/unkillable-messenger/vpn/cmd/webserver/main.go:1684.55,1687.3 2 0
github.com/unkillable-messenger/vpn/cmd/webserver/main.go:1690.2,1692.26 3 0
github.com/unkillable-messenger/vpn/cmd/webserver/main.go:1692.26,1693.61 1 0
github.com/unkillable-messenger/vpn/cmd/webserver/main.go:1693.61,1695.4 1 0
github.com/unkillable-messenger/vpn/cmd/webserver/main.go:1698.2,1702.4 1 0
github.com/unkillable-messenger/vpn/cmd/webserver/social.go:23.62,24.18 1 1
github.com/unkillable-messenger/vpn/cmd/webserver/social.go:25.14,26.26 1 1
github.com/unkillable-messenger/vpn/cmd/webserver/social.go:27.16,28.29 1 1
github.com/unkillable-messenger/vpn/cmd/webserver/social.go:29.13,30.26 1 1
github.com/unkillable-messenger/vpn/cmd/webserver/social.go:31.10,32.94 1 0
github.com/unkillable-messenger/vpn/cmd/webserver/social.go:36.64,38.16 2 1
github.com/unkillable-messenger/vpn/cmd/webserver/social.go:38.16,41.3 2 0
github.com/unkillable-messenger/vpn/cmd/webserver/social.go:42.2,49.51 3 1
github.com/unkillable-messenger/vpn/cmd/webserver/social.go:49.51,52.3 2 0
github.com/unkillable-messenger/vpn/cmd/webserver/social.go:54.2,54.44 1 1
github.com/unkillable-messenger/vpn/cmd/webserver/social.go:54.44,57.3 2 0
github.com/unkillable-messenger/vpn/cmd/webserver/social.go:58.2,58.43 1 1
github.com/unkillable-messenger/vpn/cmd/webserver/social.go:58.43,61.3 2 0
github.com/unkillable-messenger/vpn/cmd/webserver/social.go:62.2,62.40 1 1
github.com/unkillable-messenger/vpn/cmd/webserver/social.go:62.40,65.3 2 0
github.com/unkillable-messenger/vpn/cmd/webserver/social.go:66.2,66.25 1 1
github.com/unkillable-messenger/vpn/cmd/webserver/social.go:66.25,69.3 2 0
github.com/unkillable-messenger/vpn/cmd/webserver/social.go:71.2,71.79 1 1
github.com/unkillable-messenger/vpn/cmd/webserver/social.go:71.79,75.3 3 0
github.com/unkillable-messenger/vpn/cmd/webserver/social.go:77.2,82.4 1 1
github.com/unkillable-messenger/vpn/cmd/webserver/social.go:85.67,87.16 2 1
github.com/unkillable-messenger/vpn/cmd/webserver/social.go:87.16,90.3 2 0
github.com/unkillable-messenger/vpn/cmd/webserver/social.go:91.2,97.51 3 1
github.com/unkillable-messenger/vpn/cmd/webserver/social.go:97.51,100.3 2 0
github.com/unkillable-messenger/vpn/cmd/webserver/social.go:102.2,102.85 1 1
github.com/unkillable-messenger/vpn/cmd/webserver/social.go:102.85,105.3 2 0
github.com/unkillable-messenger/vpn/cmd/webserver/social.go:107.2,107.71 1 1
github.com/unkillable-messenger/vpn/cmd/webserver/social.go:107.71,111.3 3 0
github.com/unkillable-messenger/vpn/cmd/webserver/social.go:113.2,116.4 1 1
github.com/unkillable-messenger/vpn/cmd/webserver/social.go:119.64,121.40 2 1
github.com/unkillable-messenger/vpn/cmd/webserver/social.go:121.40,124.3 2 0
github.com/unkillable-messenger/vpn/cmd/webserver/social.go:126.2,127.16 2 1
github.com/unkillable-messenger/vpn/cmd/webserver/social.go:127.16,131.3 3 0
github.com/unkillable-messenger/vpn/cmd/webserver/social.go:132.2,132.22 1 1
github.com/unkillable-messenger/vpn/cmd/webserver/social.go:132.22,134.3 1 0
github.com/unkillable-messenger/vpn/cmd/webserver/social.go:136.2,139.4 1 1
github.com/unkillable-messenger/vpn/cmd/webserver/social.go:148.65,149.18 1 1
github.com/unkillable-messenger/vpn/cmd/webserver/social.go:150.14,151.23 1 1
github.com/unkillable-messenger/vpn/cmd/webserver/social.go:152.13,153.30 1 1
github.com/unkillable-messenger/vpn/cmd/webserver/social.go:154.10,155.86 1 0
github.com/unkillable-messenger/vpn/cmd/webserver/social.go:159.61,161.16 2 1
github.com/unkillable-messenger/vpn/cmd/webserver/social.go:161.16,164.3 2 0
github.com/unkillable-messenger/vpn/cmd/webserver/social.go:165.2,173.51 3 1
github.com/unkillable-messenger/vpn/cmd/webserver/social.go:173.51,176.3 2 0
github.com/unkillable-messenger/vpn/cmd/webserver/social.go:178.2,178.43 1 1
github.com/unkillable-messenger/vpn/cmd/webserver/social.go:178.43,181.3 2 0
github.com/unkillable-messenger/vpn/cmd/webserver/social.go:184.2,184.29 1 1
github.com/unkillable-messenger/vpn/cmd/webserver/social.go:184.29,185.75 1 0
github.com/unkillable-messenger/vpn/cmd/webserver/social.go:185.75,189.4 3 0
github.com/unkillable-messenger/vpn/cmd/webserver/social.go:190.3,194.9 2 0
github.com/unkillable-messenger/vpn/cmd/webserver/social.go:198.2,198.44 1 1
github.com/unkillable-messenger/vpn/cmd/webserver/social.go:198.44,201.3 2 0
github.com/unkillable-messenger/vpn/cmd/webserver/social.go:203.2,203.65 1 1
github.com/unkillable-messenger/vpn/cmd/webserver/social.go:203.65,207.3 3 0
github.com/unkillable-messenger/vpn/cmd/webserver/social.go:209.2,213.4 1 1
github.com/unkillable-messenger/vpn/cmd/webserver/social.go:216.68,218.40 2 1
github.com/unkillable-messenger/vpn/cmd/webserver/social.go:218.40,221.3 2 0
github.com/unkillable-messenger/vpn/cmd/webserver/social.go:223.2,224.16 2 1
github.com/unkillable-messenger/vpn/cmd/webserver/social.go:224.16,228.3 3 0
github.com/unkillable-messenger/vpn/cmd/webserver/social.go:229.2,229.18 1 1
github.com/unkillable-messenger/vpn/cmd/webserver/social.go:229.18,231.3 1 0
github.com/unkillable-messenger/vpn/cmd/webserver/social.go:233.2,237.4 1 1
github.com/unkillable-messenger/vpn/cmd/webserver/social.go:246.61,247.18 1 1
github.com/unkillable-messenger/vpn/cmd/webserver/social.go:248.14,249.26 1 1
github.com/unkillable-messenger/vpn/cmd/webserver/social.go:250.13,251.25 1 1
github.com/unkillable-messenger/vpn/cmd/webserver/social.go:252.10,253.86 1 0
github.com/unkillable-messenger/vpn/cmd/webserver/social.go:257.64,259.16 2 1
github.com/unkillable-messenger/vpn/cmd/webserver/social.go:259.16,262.3 2 0
github.com/unkillable-messenger/vpn/cmd/webserver/social.go:263.2,271.51 3 1
github.com/unkillable-messenger/vpn/cmd/webserver/social.go:271.51,274.3 2 0
github.com/unkillable-messenger/vpn/cmd/webserver/social.go:276.2,276.39 1 1
github.com/unkillable-messenger/vpn/cmd/webserver/social.go:276.39,279.3 2 0
github.com/unkillable-messenger/vpn/cmd/webserver/social.go:280.2,280.32 1 1
github.com/unkillable-messenger/vpn/cmd/webserver/social.go:280.32,283.3 2 0
github.com/unkillable-messenger/vpn/cmd/webserver/social.go:284.2,284.24 1 1
github.com/unkillable-messenger/vpn/cmd/webserver/social.go:284.24,287.3 2 0
github.com/unkillable-messenger/vpn/cmd/webserver/social.go:289.2,289.90 1 1
github.com/unkillable-messenger/vpn/cmd/webserver/social.go:289.90,293.3 3 0
github.com/unkillable-messenger/vpn/cmd/webserver/social.go:295.2,303.90 2 1
github.com/unkillable-messenger/vpn/cmd/webserver/social.go:306.63,308.57 1 1
github.com/unkillable-messenger/vpn/cmd/webserver/social.go:308.57,310.17 2 1
github.com/unkillable-messenger/vpn/cmd/webserver/social.go:310.17,314.4 3 0
github.com/unkillable-messenger/vpn/cmd/webserver/social.go:315.3,315.22 1 1
github.com/unkillable-messenger/vpn/cmd/webserver/social.go:315.22,317.4 1 0
github.com/unkillable-messenger/vpn/cmd/webserver/social.go:318.3,322.9 2 1
github.com/unkillable-messenger/vpn/cmd/webserver/social.go:326.2,327.35 2 1
github.com/unkillable-messenger/vpn/cmd/webserver/social.go:327.35,330.3 2 0
github.com/unkillable-messenger/vpn/cmd/webserver/social.go:332.2,333.16 2 1
github.com/unkillable-messenger/vpn/cmd/webserver/social.go:333.16,343.3 2 0
github.com/unkillable-messenger/vpn/cmd/webserver/social.go:345.2,345.38 1 1
github.com/unkillable-messenger/vpn/cmd/webserver/social.go:352.59,353.23 1 1
github.com/unkillable-messenger/vpn/cmd/webserver/social.go:353.23,356.3 2 0
github.com/unkillable-messenger/vpn/cmd/webserver/social.go:358.2,359.36 2 1
github.com/unkillable-messenger/vpn/cmd/webserver/social.go:359.36,362.3 2 1
github.com/unkillable-messenger/vpn/cmd/webserver/social.go:363.2,363.22 1 1
github.com/unkillable-messenger/vpn/cmd/webserver/social.go:363.22,366.3 2 1
github.com/unkillable-messenger/vpn/cmd/webserver/social.go:368.2,369.16 2 1
github.com/unkillable-messenger/vpn/cmd/webserver/social.go:369.16,371.3 1 0
github.com/unkillable-messenger/vpn/cmd/webserver/social.go:373.2,374.46 2 1
github.com/unkillable-messenger/vpn/cmd/webserver/social.go:374.46,375.65 1 0
github.com/unkillable-messenger/vpn/cmd/webserver/social.go:375.65,377.4 1 0
github.com/unkillable-messenger/vpn/cmd/webserver/social.go:380.2,381.16 2 1
github.com/unkillable-messenger/vpn/cmd/webserver/social.go:381.16,385.3 3 0
github.com/unkillable-messenger/vpn/cmd/webserver/social.go:386.2,386.17 1 1
github.com/unkillable-messenger/vpn/cmd/webserver/social.go:386.17,388.3 1 1
github.com/unkillable-messenger/vpn/cmd/webserver/social.go:390.2,395.4 1 1
github.com/unkillable-messenger/vpn/cmd/webserver/social.go:401.64,402.63 1 0
github.com/unkillable-messenger/vpn/cmd/webserver/social.go:402.63,405.3 2 0
github.com/unkillable-messenger/vpn/cmd/webserver/social.go:406.2,410.61 2 0
github.com/unkillable-messenger/vpn/cmd/webserver/social.go:410.61,413.3 2 0
github.com/unkillable-messenger/vpn/cmd/webserver/social.go:414.2,414.36 1 0
github.com/unkillable-messenger/vpn/cmd/webserver/social.go:414.36,417.3 2 0
github.com/unkillable-messenger/vpn/cmd/webserver/social.go:418.2,418.57 1 0
github.com/unkillable-messenger/vpn/cmd/webserver/social.go:418.57,421.3 2 0
github.com/unkillable-messenger/vpn/cmd/webserver/social.go:424.2,424.16 1 0
github.com/unkillable-messenger/vpn/cmd/webserver/social.go:424.16,433.3 4 0
github.com/unkillable-messenger/vpn/cmd/webserver/social.go:435.2,435.77 1 0
github.com/unkillable-messenger/vpn/cmd/webserver/social.go:439.66,440.66 1 0
github.com/unkillable-messenger/vpn/cmd/webserver/social.go:440.66,443.3 2 0
github.com/unkillable-messenger/vpn/cmd/webserver/social.go:444.2,447.61 2 0
github.com/unkillable-messenger/vpn/cmd/webserver/social.go:447.61,450.3 2 0
github.com/unkillable-messenger/vpn/cmd/webserver/social.go:451.2,451.18 1 0
github.com/unkillable-messenger/vpn/cmd/webserver/social.go:451.18,454.3 2 0
github.com/unkillable-messenger/vpn/cmd/webserver/social.go:455.2,455.49 1 0
github.com/unkillable-messenger/vpn/cmd/webserver/social.go:455.49,458.3 2 0
github.com/unkillable-messenger/vpn/cmd/webserver/social.go:461.2,461.16 1 0
github.com/unkillable-messenger/vpn/cmd/webserver/social.go:461.16,469.3 4 0
github.com/unkillable-messenger/vpn/cmd/webserver/social.go:471.2,471.78 1 0
github.com/unkillable-messenger/vpn/cmd/webserver/ws_handlers.go:26.55,28.18 2 0
github.com/unkillable-messenger/vpn/cmd/webserver/ws_handlers.go:28.18,30.3 1 0
github.com/unkillable-messenger/vpn/cmd/webserver/ws_handlers.go:32.2,35.16 2 0
github.com/unkillable-messenger/vpn/cmd/webserver/ws_handlers.go:35.16,38.3 2 0
github.com/unkillable-messenger/vpn/cmd/webserver/ws_handlers.go:40.2,41.46 2 0
github.com/unkillable-messenger/vpn/cmd/webserver/ws_handlers.go:45.64,48.30 2 1
github.com/unkillable-messenger/vpn/cmd/webserver/ws_handlers.go:48.30,56.3 2 1
github.com/unkillable-messenger/vpn/cmd/webserver/ws_handlers.go:59.2,60.19 2 1
github.com/unkillable-messenger/vpn/cmd/webserver/ws_handlers.go:60.19,63.3 2 0
github.com/unkillable-messenger/vpn/cmd/webserver/ws_handlers.go:65.2,70.70 4 1
github.com/unkillable-messenger/vpn/cmd/webserver/ws_handlers.go:70.70,72.3 1 0
github.com/unkillable-messenger/vpn/cmd/webserver/ws_handlers.go:75.2,76.77 2 1
github.com/unkillable-messenger/vpn/cmd/webserver/ws_handlers.go:76.77,78.3 1 0
github.com/unkillable-messenger/vpn/cmd/webserver/ws_handlers.go:80.2,85.4 1 1
github.com/unkillable-messenger/vpn/cmd/webserver/ws_handlers.go:89.64,91.18 2 0
github.com/unkillable-messenger/vpn/cmd/webserver/ws_handlers.go:91.18,93.3 1 0
github.com/unkillable-messenger/vpn/cmd/webserver/ws_handlers.go:94.2,97.4 1 0
github.com/unkillable-messenger/vpn/cmd/webserver/ws_handlers.go:101.16,103.42 2 1
github.com/unkillable-messenger/vpn/cmd/webserver/ws_handlers.go:103.42,107.43 2 0
github.com/unkillable-messenger/vpn/cmd/webserver/ws_handlers.go:107.43,117.26 3 0
github.com/unkillable-messenger/vpn/cmd/webserver/ws_handlers.go:117.26,119.5 1 0
github.com/unkillable-messenger/vpn/cmd/webserver/ws_handlers.go:123.3,123.25 1 0
github.com/unkillable-messenger/vpn/cmd/webserver/ws_handlers.go:123.25,136.25 3 0
github.com/unkillable-messenger/vpn/cmd/webserver/ws_handlers.go:136.25,137.64 1 0
github.com/unkillable-messenger/vpn/cmd/webserver/ws_handlers.go:137.64,140.29 3 0
github.com/unkillable-messenger/vpn/cmd/webserver/ws_handlers.go:140.29,142.7 1 0
github.com/unkillable-messenger/vpn/cmd/webserver/ws_handlers.go:146.4,147.51 2 0
github.com/unkillable-messenger/vpn/cmd/webserver/ws_handlers.go:147.51,149.5 1 0
github.com/unkillable-messenger/vpn/cmd/webserver/ws_handlers.go:152.2,155.12 2 1
github.com/unkillable-messenger/vpn/cmd/webserver/ws_handlers.go:155.12,158.22 3 1
github.com/unkillable-messenger/vpn/cmd/webserver/ws_handlers.go:158.22,159.17 1 0
github.com/unkillable-messenger/vpn/cmd/webserver/ws_handlers.go:159.17,160.13 1 0
github.com/unkillable-messenger/vpn/cmd/webserver/ws_handlers.go:162.4,162.64 1 0
github.com/unkillable-messenger/vpn/cmd/webserver/ws_handlers.go:162.64,164.5 1 0
github.com/unkillable-messenger/vpn/cmd/webserver/ws_handlers.go:172.61,175.18 3 1
github.com/unkillable-messenger/vpn/cmd/webserver/ws_handlers.go:175.18,177.3 1 0
github.com/unkillable-messenger/vpn/cmd/webserver/ws_handlers.go:178.2,181.4 1 1
github.com/unkillable-messenger/vpn/cmd/webserver/ws_handlers.go:185.61,187.16 2 1
github.com/unkillable-messenger/vpn/cmd/webserver/ws_handlers.go:187.16,190.3 2 0
github.com/unkillable-messenger/vpn/cmd/webserver/ws_handlers.go:191.2,198.51 3 1
github.com/unkillable-messenger/vpn/cmd/webserver/ws_handlers.go:198.51,201.3 2 0
github.com/unkillable-messenger/vpn/cmd/webserver/ws_handlers.go:204.2,204.44 1 1
github.com/unkillable-messenger/vpn/cmd/webserver/ws_handlers.go:204.44,207.3 2 0
github.com/unkillable-messenger/vpn/cmd/webserver/ws_handlers.go:208.2,208.39 1 1
github.com/unkillable-messenger/vpn/cmd/webserver/ws_handlers.go:208.39,210.3 1 0
github.com/unkillable-messenger/vpn/cmd/webserver/ws_handlers.go:212.2,212.78 1 1
github.com/unkillable-messenger/vpn/cmd/webserver/ws_handlers.go:212.78,215.3 2 0
github.com/unkillable-messenger/vpn/cmd/webserver/ws_handlers.go:218.2,220.18 3 1
github.com/unkillable-messenger/vpn/cmd/webserver/ws_handlers.go:220.18,222.3 1 0
github.com/unkillable-messenger/vpn/cmd/webserver/ws_handlers.go:223.2,229.85 2 1
github.com/unkillable-messenger/vpn/cmd/webserver/ws_handlers.go:233.64,235.16 2 1
github.com/unkillable-messenger/vpn/cmd/webserver/ws_handlers.go:235.16,238.3 2 0
github.com/unkillable-messenger/vpn/cmd/webserver/ws_handlers.go:239.2,244.51 3 1
github.com/unkillable-messenger/vpn/cmd/webserver/ws_handlers.go:244.51,247.3 2 0
github.com/unkillable-messenger/vpn/cmd/webserver/ws_handlers.go:249.2,249.41 1 1
github.com/unkillable-messenger/vpn/cmd/webserver/ws_handlers.go:249.41,252.3 2 0
github.com/unkillable-messenger/vpn/cmd/webserver/ws_handlers.go:254.2,254.54 1 1
github.com/unkillable-messenger/vpn/cmd/webserver/ws_handlers.go:254.54,257.3 2 0
github.com/unkillable-messenger/vpn/cmd/webserver/ws_handlers.go:260.2,262.18 3 1
github.com/unkillable-messenger/vpn/cmd/webserver/ws_handlers.go:262.18,264.3 1 0
github.com/unkillable-messenger/vpn/cmd/webserver/ws_handlers.go:265.2,271.49 2 1
github.com/unkillable-messenger/vpn/cmd/webserver/ws_handlers.go:275.26,277.41 2 1
github.com/unkillable-messenger/vpn/cmd/webserver/ws_handlers.go:277.41,279.3 1 1
github.com/unkillable-messenger/vpn/cmd/webserver/ws_handlers.go:280.2,281.12 2 1
github.com/unkillable-messenger/vpn/cmd/webserver/ws_handlers.go:285.30,289.2 3 1
github.com/unkillable-messenger/vpn/cmd/webserver/ws_handlers.go:294.64,296.16 2 1
github.com/unkillable-messenger/vpn/cmd/webserver/ws_handlers.go:296.16,300.3 3 0
github.com/unkillable-messenger/vpn/cmd/webserver/ws_handlers.go:301.2,301.21 1 1
github.com/unkillable-messenger/vpn/cmd/webserver/ws_handlers.go:301.21,303.3 1 0
github.com/unkillable-messenger/vpn/cmd/webserver/ws_handlers.go:304.2,307.4 1 1
github.com/unkillable-messenger/vpn/cmd/webserver/ws_handlers.go:311.65,313.16 2 1
github.com/unkillable-messenger/vpn/cmd/webserver/ws_handlers.go:313.16,316.3 2 0
github.com/unkillable-messenger/vpn/cmd/webserver/ws_handlers.go:317.2,324.51 3 1
github.com/unkillable-messenger/vpn/cmd/webserver/ws_handlers.go:324.51,327.3 2 0
github.com/unkillable-messenger/vpn/cmd/webserver/ws_handlers.go:329.2,329.39 1 1
github.com/unkillable-messenger/vpn/cmd/webserver/ws_handlers.go:329.39,332.3 2 0
github.com/unkillable-messenger/vpn/cmd/webserver/ws_handlers.go:333.2,333.25 1 1
github.com/unkillable-messenger/vpn/cmd/webserver/ws_handlers.go:333.25,336.3 2 0
github.com/unkillable-messenger/vpn/cmd/webserver/ws_handlers.go:337.2,337.23 1 1
github.com/unkillable-messenger/vpn/cmd/webserver/ws_handlers.go:337.23,339.3 1 0
github.com/unkillable-messenger/vpn/cmd/webserver/ws_handlers.go:341.2,350.43 2 1
github.com/unkillable-messenger/vpn/cmd/webserver/ws_handlers.go:350.43,354.3 3 0
github.com/unkillable-messenger/vpn/cmd/webserver/ws_handlers.go:356.2,357.89 2 1
github.com/unkillable-messenger/vpn/cmd/webserver/ws_handlers.go:361.69,362.33 1 0
github.com/unkillable-messenger/vpn/cmd/webserver/ws_handlers.go:362.33,365.3 2 0
github.com/unkillable-messenger/vpn/cmd/webserver/ws_handlers.go:366.2,369.61 2 0
github.com/unkillable-messenger/vpn/cmd/webserver/ws_handlers.go:369.61,372.3 2 0
github.com/unkillable-messenger/vpn/cmd/webserver/ws_handlers.go:373.2,373.25 1 0
github.com/unkillable-messenger/vpn/cmd/webserver/ws_handlers.go:373.25,376.3 2 0
github.com/unkillable-messenger/vpn/cmd/webserver/ws_handlers.go:377.2,377.59 1 0
github.com/unkillable-messenger/vpn/cmd/webserver/ws_handlers.go:377.59,380.3 2 0
github.com/unkillable-messenger/vpn/cmd/webserver/ws_handlers.go:381.2,381.95 1 0
